0 verbose cli C:\Program Files\nodejs\node.exe C:\Users\David Fiaty\AppData\Roaming\npm\node_modules\npm\bin\npm-cli.js
1 info using npm@10.9.2
2 info using node@v20.17.0
3 silly config load:file:C:\Users\David Fiaty\AppData\Roaming\npm\node_modules\npm\npmrc
4 silly config load:file:C:\wamp64\www\dev\react\jam-native\.npmrc
5 silly config load:file:C:\wamp64\www\.npmrc
6 silly config load:file:C:\Users\David Fiaty\AppData\Roaming\npm\etc\npmrc
7 verbose title npm install react-navigation-drawer@7.3.9
8 verbose argv "install" "react-navigation-drawer@7.3.9"
9 verbose logfile logs-max:10 dir:C:\Users\David Fiaty\AppData\Local\npm-cache\_logs\2025-05-04T13_49_14_107Z-
10 verbose logfile C:\Users\David Fiaty\AppData\Local\npm-cache\_logs\2025-05-04T13_49_14_107Z-debug-0.log
11 silly logfile start cleaning logs, removing 1 files
12 silly packumentCache heap:4345298944 maxSize:1086324736 maxEntrySize:543162368
13 silly logfile done cleaning log files
14 verbose shrinkwrap failed to load node_modules/.package-lock.json out of date, updated: node_modules
15 verbose shrinkwrap failed to load node_modules/.package-lock.json out of date, updated: node_modules
16 silly idealTree buildDeps
17 silly fetch manifest @expo/config-plugins@~10.0.0
18 silly packumentCache full:https://registry.npmjs.org/@expo%2fconfig-plugins cache-miss
19 http cache https://registry.npmjs.org/@expo%2fconfig-plugins 30ms (cache hit)
20 silly packumentCache full:https://registry.npmjs.org/@expo%2fconfig-plugins set size:841627 disposed:false
21 silly fetch manifest @expo/metro-config@~0.20.0
22 silly packumentCache full:https://registry.npmjs.org/@expo%2fmetro-config cache-miss
23 http cache https://registry.npmjs.org/@expo%2fmetro-config 13ms (cache hit)
24 silly packumentCache full:https://registry.npmjs.org/@expo%2fmetro-config set size:1045329 disposed:false
25 silly fetch manifest @expo/prebuild-config@~9.0.0
26 silly packumentCache full:https://registry.npmjs.org/@expo%2fprebuild-config cache-miss
27 http cache https://registry.npmjs.org/@expo%2fprebuild-config 27ms (cache hit)
28 silly packumentCache full:https://registry.npmjs.org/@expo%2fprebuild-config set size:744505 disposed:false
29 silly fetch manifest @expo/vector-icons@^14.1.0
30 silly packumentCache full:https://registry.npmjs.org/@expo%2fvector-icons cache-miss
31 http cache https://registry.npmjs.org/@expo%2fvector-icons 7ms (cache hit)
32 silly packumentCache full:https://registry.npmjs.org/@expo%2fvector-icons set size:205468 disposed:false
33 silly fetch manifest expo-font@~13.3.1
34 silly packumentCache full:https://registry.npmjs.org/expo-font cache-miss
35 http cache https://registry.npmjs.org/expo-font 5ms (cache hit)
36 silly packumentCache full:https://registry.npmjs.org/expo-font set size:558019 disposed:false
37 silly fetch manifest expo@^53.0.0
38 silly packumentCache full:https://registry.npmjs.org/expo cache-miss
39 http cache https://registry.npmjs.org/expo 10ms (cache hit)
40 silly packumentCache full:https://registry.npmjs.org/expo set size:2995796 disposed:false
41 silly fetch manifest @expo/dom-webview@*
42 silly packumentCache full:https://registry.npmjs.org/@expo%2fdom-webview cache-miss
43 http cache https://registry.npmjs.org/@expo%2fdom-webview 6ms (cache hit)
44 silly packumentCache full:https://registry.npmjs.org/@expo%2fdom-webview set size:139387 disposed:false
45 silly fetch manifest react@19.0.0
46 silly packumentCache full:https://registry.npmjs.org/react cache-miss
47 http cache https://registry.npmjs.org/react 14ms (cache hit)
48 silly packumentCache full:https://registry.npmjs.org/react set size:5657540 disposed:false
49 silly fetch manifest react-native@0.79.2
50 silly packumentCache full:https://registry.npmjs.org/react-native cache-miss
51 http cache https://registry.npmjs.org/react-native 27ms (cache hit)
52 silly packumentCache full:https://registry.npmjs.org/react-native set size:13320557 disposed:false
53 silly fetch manifest @types/react@~18.3.12
54 silly packumentCache full:https://registry.npmjs.org/@types%2freact cache-miss
55 http cache https://registry.npmjs.org/@types%2freact 9ms (cache hit)
56 silly packumentCache full:https://registry.npmjs.org/@types%2freact set size:2355905 disposed:false
57 silly fetch manifest @types/react@^19.0.0
58 silly packumentCache full:https://registry.npmjs.org/@types%2freact cache-miss
59 http cache https://registry.npmjs.org/@types%2freact 11ms (cache hit)
60 silly packumentCache full:https://registry.npmjs.org/@types%2freact set size:2355905 disposed:false
61 silly fetch manifest @expo/metro-runtime@*
62 silly packumentCache full:https://registry.npmjs.org/@expo%2fmetro-runtime cache-miss
63 http cache https://registry.npmjs.org/@expo%2fmetro-runtime 5ms (cache hit)
64 silly packumentCache full:https://registry.npmjs.org/@expo%2fmetro-runtime set size:407746 disposed:false
65 silly fetch manifest react-native-webview@*
66 silly packumentCache full:https://registry.npmjs.org/react-native-webview cache-miss
67 http cache https://registry.npmjs.org/react-native-webview 6ms (cache hit)
68 silly packumentCache full:https://registry.npmjs.org/react-native-webview set size:1331161 disposed:false
69 silly fetch manifest @react-native-async-storage/async-storage@2.1.2
70 silly packumentCache full:https://registry.npmjs.org/@react-native-async-storage%2fasync-storage cache-miss
71 http cache https://registry.npmjs.org/@react-native-async-storage%2fasync-storage 5ms (cache hit)
72 silly packumentCache full:https://registry.npmjs.org/@react-native-async-storage%2fasync-storage set size:386259 disposed:false
73 silly fetch manifest expo-blur@~14.1.4
74 silly packumentCache full:https://registry.npmjs.org/expo-blur cache-miss
75 http cache https://registry.npmjs.org/expo-blur 7ms (cache hit)
76 silly packumentCache full:https://registry.npmjs.org/expo-blur set size:452531 disposed:false
77 silly fetch manifest expo-constants@~17.1.5
78 silly packumentCache full:https://registry.npmjs.org/expo-constants cache-miss
79 http fetch GET 200 https://registry.npmjs.org/expo-constants 2142ms (cache updated)
80 silly packumentCache full:https://registry.npmjs.org/expo-constants set size:undefined disposed:false
81 silly fetch manifest expo-device@~7.1.4
82 silly packumentCache full:https://registry.npmjs.org/expo-device cache-miss
83 http fetch GET 200 https://registry.npmjs.org/expo-device 469ms (cache updated)
84 silly packumentCache full:https://registry.npmjs.org/expo-device set size:undefined disposed:false
85 silly fetch manifest expo-haptics@~14.1.4
86 silly packumentCache full:https://registry.npmjs.org/expo-haptics cache-miss
87 http fetch GET 200 https://registry.npmjs.org/expo-haptics 494ms (cache updated)
88 silly packumentCache full:https://registry.npmjs.org/expo-haptics set size:undefined disposed:false
89 silly fetch manifest expo-image-picker@~16.1.4
90 silly packumentCache full:https://registry.npmjs.org/expo-image-picker cache-miss
91 http fetch GET 200 https://registry.npmjs.org/expo-image-picker 691ms (cache updated)
92 silly packumentCache full:https://registry.npmjs.org/expo-image-picker set size:undefined disposed:false
93 silly fetch manifest expo-linking@~7.1.4
94 silly packumentCache full:https://registry.npmjs.org/expo-linking cache-miss
95 http fetch GET 200 https://registry.npmjs.org/expo-linking 289ms (cache updated)
96 silly packumentCache full:https://registry.npmjs.org/expo-linking set size:undefined disposed:false
97 silly fetch manifest expo-localization@~16.1.5
98 silly packumentCache full:https://registry.npmjs.org/expo-localization cache-miss
99 http fetch GET 200 https://registry.npmjs.org/expo-localization 459ms (cache updated)
100 silly packumentCache full:https://registry.npmjs.org/expo-localization set size:undefined disposed:false
101 silly fetch manifest expo-location@~18.1.4
102 silly packumentCache full:https://registry.npmjs.org/expo-location cache-miss
103 http fetch GET 200 https://registry.npmjs.org/expo-location 670ms (cache updated)
104 silly packumentCache full:https://registry.npmjs.org/expo-location set size:undefined disposed:false
105 silly fetch manifest expo-router@~5.0.5
106 silly packumentCache full:https://registry.npmjs.org/expo-router cache-miss
107 http fetch GET 200 https://registry.npmjs.org/expo-router 495ms (cache updated)
108 silly packumentCache full:https://registry.npmjs.org/expo-router set size:undefined disposed:false
109 silly fetch manifest @react-navigation/drawer@^7.3.9
110 silly packumentCache full:https://registry.npmjs.org/@react-navigation%2fdrawer cache-miss
111 http fetch GET 200 https://registry.npmjs.org/@react-navigation%2fdrawer 1210ms (cache updated)
112 silly packumentCache full:https://registry.npmjs.org/@react-navigation%2fdrawer set size:undefined disposed:false
113 silly fetch manifest @react-navigation/native@^7.0.0
114 silly packumentCache full:https://registry.npmjs.org/@react-navigation%2fnative cache-miss
115 http fetch GET 200 https://registry.npmjs.org/@react-navigation%2fnative 1380ms (cache updated)
116 silly packumentCache full:https://registry.npmjs.org/@react-navigation%2fnative set size:undefined disposed:false
117 silly fetch manifest react-native-gesture-handler@~2.24.0
118 silly packumentCache full:https://registry.npmjs.org/react-native-gesture-handler cache-miss
119 http fetch GET 200 https://registry.npmjs.org/react-native-gesture-handler 748ms (cache updated)
120 silly packumentCache full:https://registry.npmjs.org/react-native-gesture-handler set size:undefined disposed:false
121 silly fetch manifest react-native-gesture-handler@~2.25.0
122 silly packumentCache full:https://registry.npmjs.org/react-native-gesture-handler cache-miss
123 http cache https://registry.npmjs.org/react-native-gesture-handler 6ms (cache hit)
124 silly packumentCache full:https://registry.npmjs.org/react-native-gesture-handler set size:550699 disposed:false
125 silly fetch manifest react-native-reanimated@~3.17.4
126 silly packumentCache full:https://registry.npmjs.org/react-native-reanimated cache-miss
127 http fetch GET 200 https://registry.npmjs.org/react-native-reanimated 2192ms (cache updated)
128 silly packumentCache full:https://registry.npmjs.org/react-native-reanimated set size:undefined disposed:false
129 silly fetch manifest @babel/core@^7.25.2
130 silly packumentCache full:https://registry.npmjs.org/@babel%2fcore cache-miss
131 http fetch GET 200 https://registry.npmjs.org/@babel%2fcore 1260ms (cache updated)
132 silly packumentCache full:https://registry.npmjs.org/@babel%2fcore set size:undefined disposed:false
133 silly fetch manifest react-native-safe-area-context@5.4.0
134 silly packumentCache full:https://registry.npmjs.org/react-native-safe-area-context cache-miss
135 http cache https://registry.npmjs.org/react-native-safe-area-context 6ms (cache hit)
136 silly packumentCache full:https://registry.npmjs.org/react-native-safe-area-context set size:623882 disposed:false
137 silly fetch manifest react-native-screens@~4.10.0
138 silly packumentCache full:https://registry.npmjs.org/react-native-screens cache-miss
139 http fetch GET 200 https://registry.npmjs.org/react-native-screens 844ms (cache updated)
140 silly packumentCache full:https://registry.npmjs.org/react-native-screens set size:undefined disposed:false
141 silly fetch manifest expo-splash-screen@~0.30.8
142 silly packumentCache full:https://registry.npmjs.org/expo-splash-screen cache-miss
143 http fetch GET 200 https://registry.npmjs.org/expo-splash-screen 530ms (cache updated)
144 silly packumentCache full:https://registry.npmjs.org/expo-splash-screen set size:undefined disposed:false
145 silly fetch manifest expo-status-bar@~2.2.3
146 silly packumentCache full:https://registry.npmjs.org/expo-status-bar cache-miss
147 http fetch GET 200 https://registry.npmjs.org/expo-status-bar 486ms (cache updated)
148 silly packumentCache full:https://registry.npmjs.org/expo-status-bar set size:undefined disposed:false
149 silly fetch manifest expo-symbols@~0.4.4
150 silly packumentCache full:https://registry.npmjs.org/expo-symbols cache-miss
151 http fetch GET 200 https://registry.npmjs.org/expo-symbols 504ms (cache updated)
152 silly packumentCache full:https://registry.npmjs.org/expo-symbols set size:undefined disposed:false
153 silly fetch manifest expo-system-ui@~5.0.7
154 silly packumentCache full:https://registry.npmjs.org/expo-system-ui cache-miss
155 http fetch GET 200 https://registry.npmjs.org/expo-system-ui 585ms (cache updated)
156 silly packumentCache full:https://registry.npmjs.org/expo-system-ui set size:undefined disposed:false
157 silly fetch manifest react-native-web@^0.20.0
158 silly packumentCache full:https://registry.npmjs.org/react-native-web cache-miss
159 http fetch GET 200 https://registry.npmjs.org/react-native-web 893ms (cache updated)
160 silly packumentCache full:https://registry.npmjs.org/react-native-web set size:undefined disposed:false
161 silly fetch manifest react-dom@19.0.0
162 silly packumentCache full:https://registry.npmjs.org/react-dom cache-miss
163 http cache https://registry.npmjs.org/react-dom 39ms (cache hit)
164 silly packumentCache full:https://registry.npmjs.org/react-dom set size:7168281 disposed:false
165 silly fetch manifest expo-updates@~0.28.12
166 silly packumentCache full:https://registry.npmjs.org/expo-updates cache-miss
167 http fetch GET 200 https://registry.npmjs.org/expo-updates 1186ms (cache updated)
168 silly packumentCache full:https://registry.npmjs.org/expo-updates set size:undefined disposed:false
169 silly fetch manifest expo-web-browser@~14.1.6
170 silly packumentCache full:https://registry.npmjs.org/expo-web-browser cache-miss
171 http fetch GET 200 https://registry.npmjs.org/expo-web-browser 655ms (cache updated)
172 silly packumentCache full:https://registry.npmjs.org/expo-web-browser set size:undefined disposed:false
173 silly fetch manifest react-native-maps@1.20.1
174 silly packumentCache full:https://registry.npmjs.org/react-native-maps cache-miss
175 http fetch GET 200 https://registry.npmjs.org/react-native-maps 1262ms (cache updated)
176 silly packumentCache full:https://registry.npmjs.org/react-native-maps set size:undefined disposed:false
177 silly fetch manifest react-navigation-drawer@7.3.9
178 silly packumentCache full:https://registry.npmjs.org/react-navigation-drawer cache-miss
179 http fetch GET 200 https://registry.npmjs.org/react-navigation-drawer 799ms (cache miss)
180 silly packumentCache full:https://registry.npmjs.org/react-navigation-drawer set size:undefined disposed:false
181 silly placeDep ROOT @expo/config-plugins@10.0.2 REPLACE for: jam-native@1.0.0 want: ~10.0.0
182 silly placeDep ROOT @expo/metro-config@0.20.13 REPLACE for: jam-native@1.0.0 want: ~0.20.0
183 silly placeDep ROOT @expo/prebuild-config@9.0.5 REPLACE for: jam-native@1.0.0 want: ~9.0.0
184 silly placeDep ROOT @expo/vector-icons@14.1.0 REPLACE for: jam-native@1.0.0 want: ^14.1.0
185 silly placeDep ROOT @react-native-async-storage/async-storage@2.1.2 REPLACE for: jam-native@1.0.0 want: 2.1.2
186 silly placeDep ROOT expo-blur@14.1.4 REPLACE for: jam-native@1.0.0 want: ~14.1.4
187 silly placeDep ROOT expo-constants@17.1.5 REPLACE for: jam-native@1.0.0 want: ~17.1.5
188 silly placeDep ROOT expo-device@7.1.4 REPLACE for: jam-native@1.0.0 want: ~7.1.4
189 silly placeDep ROOT expo-font@13.3.1 REPLACE for: jam-native@1.0.0 want: ~13.3.1
190 silly placeDep ROOT expo-haptics@14.1.4 REPLACE for: jam-native@1.0.0 want: ~14.1.4
191 silly placeDep ROOT expo-image-picker@16.1.4 REPLACE for: jam-native@1.0.0 want: ~16.1.4
192 silly placeDep ROOT expo-linking@7.1.4 REPLACE for: jam-native@1.0.0 want: ~7.1.4
193 silly placeDep ROOT expo-localization@16.1.5 REPLACE for: jam-native@1.0.0 want: ~16.1.5
194 silly placeDep ROOT expo-location@18.1.4 REPLACE for: jam-native@1.0.0 want: ~18.1.4
195 verbose stack Error: could not resolve
195 verbose stack     at PlaceDep.failPeerConflict (C:\Users\David Fiaty\AppData\Roaming\npm\node_modules\npm\node_modules\@npmcli\arborist\lib\place-dep.js:503:25)
195 verbose stack     at new PlaceDep (C:\Users\David Fiaty\AppData\Roaming\npm\node_modules\npm\node_modules\@npmcli\arborist\lib\place-dep.js:157:21)
195 verbose stack     at #buildDepStep (C:\Users\David Fiaty\AppData\Roaming\npm\node_modules\npm\node_modules\@npmcli\arborist\lib\arborist\build-ideal-tree.js:920:18)
195 verbose stack     at async Arborist.buildIdealTree (C:\Users\David Fiaty\AppData\Roaming\npm\node_modules\npm\node_modules\@npmcli\arborist\lib\arborist\build-ideal-tree.js:181:7)
195 verbose stack     at async Promise.all (index 1)
195 verbose stack     at async Arborist.reify (C:\Users\David Fiaty\AppData\Roaming\npm\node_modules\npm\node_modules\@npmcli\arborist\lib\arborist\reify.js:131:5)
195 verbose stack     at async Install.exec (C:\Users\David Fiaty\AppData\Roaming\npm\node_modules\npm\lib\commands\install.js:150:5)
195 verbose stack     at async Npm.exec (C:\Users\David Fiaty\AppData\Roaming\npm\node_modules\npm\lib\npm.js:207:9)
195 verbose stack     at async module.exports (C:\Users\David Fiaty\AppData\Roaming\npm\node_modules\npm\lib\cli\entry.js:74:5)
196 error code ERESOLVE
197 error ERESOLVE could not resolve
198 error
199 error While resolving: jam-native@1.0.0
199 error Found: expo-router@4.0.20[2m[22m
199 error [2mnode_modules/expo-router[22m
199 error   expo-router@"~5.0.5" from the root project
199 error
199 error Could not resolve dependency:
199 error expo-router@"~5.0.5" from the root project
199 error
199 error Conflicting peer dependency: @react-navigation/native@7.1.7[2m[22m
199 error [2mnode_modules/@react-navigation/native[22m
199 error   [95mpeer[39m @react-navigation/native@"^7.1.7" from @react-navigation/drawer@7.3.10[2m[22m
199 error   [2mnode_modules/@react-navigation/drawer[22m
199 error     peerOptional @react-navigation/drawer@"^7.3.9" from expo-router@5.0.5[2m[22m
199 error     [2mnode_modules/expo-router[22m
199 error       expo-router@"~5.0.5" from the root project
199 error
199 error Fix the upstream dependency conflict, or retry
199 error this command with --force or --legacy-peer-deps
199 error to accept an incorrect (and potentially broken) dependency resolution.
200 error
200 error
200 error For a full report see:
200 error C:\Users\David Fiaty\AppData\Local\npm-cache\_logs\2025-05-04T13_49_14_107Z-eresolve-report.txt
201 silly unfinished npm timer reify 1746366554477
202 silly unfinished npm timer reify:loadTrees 1746366554478
203 silly unfinished npm timer idealTree:buildDeps 1746366556597
204 silly unfinished npm timer idealTree:#root 1746366556597
205 verbose cwd C:\wamp64\www\dev\react\jam-native
206 verbose os Windows_NT 10.0.26100
207 verbose node v20.17.0
208 verbose npm  v10.9.2
209 verbose exit 1
210 verbose code 1
211 error A complete log of this run can be found in: C:\Users\David Fiaty\AppData\Local\npm-cache\_logs\2025-05-04T13_49_14_107Z-debug-0.log
